
> react-kavia@0.1.0 start
> cross-env EDIT_MODE=true webpack serve --config .ve/webpack.config.js --mode development

<i> [webpack-dev-server] Project is running at:
<i> [webpack-dev-server] Loopback: http://localhost:3000/, http://[::1]:3000/
<i> [webpack-dev-server] On Your Network (IPv4): http://172.17.0.2:3000/
<i> [webpack-dev-server] Content not from webpack is served from './public' directory
Injecting EditorRootWrapper import: ../.ve/EditorRootWrapper
asset bundle.js 1.4 MiB [emitted] (name: main)
asset index.html 1.98 KiB [emitted]
runtime modules 27.5 KiB 14 modules
modules by path ./node_modules/ 1.24 MiB 31 modules
modules by path ./src/ 14.3 KiB
  modules by path ./src/*.css 7.49 KiB 4 modules
  modules by path ./src/*.js 6.83 KiB
    ./src/index.js 530 bytes [built] [code generated]
    + 2 modules
modules by path ./.ve/ 15.1 KiB
  modules by path ./.ve/*.js 10.6 KiB
    ./.ve/EditorRootWrapper.js 2.68 KiB [built] [code generated]
    ./.ve/SidePanel.js 7.93 KiB [built] [code generated]
  modules by path ./.ve/*.css 2.93 KiB
    ./.ve/EditorOverlay.css 2.25 KiB [built] [code generated]
    ./node_modules/css-loader/dist/cjs.js!./.ve/EditorOverlay.css 697 bytes [built] [code generated]
  ./.ve/EditorOverlay.jsx 1.58 KiB [built] [code generated]
webpack 5.99.9 compiled successfully in 1359 ms
assets by status 1.98 KiB [cached] 1 asset
assets by path *.js 1.4 MiB
  asset bundle.js 1.39 MiB [emitted] (name: main)
  asset main.d8f957bfc417c3c376d7.hot-update.js 5.94 KiB [emitted] [immutable] [hmr] (name: main)
asset main.d8f957bfc417c3c376d7.hot-update.json 28 bytes [emitted] [immutable] [hmr]
Entrypoint main 1.4 MiB = bundle.js 1.39 MiB main.d8f957bfc417c3c376d7.hot-update.js 5.94 KiB
cached modules 1.26 MiB [cached] 42 modules
runtime modules 27.5 KiB 14 modules
./src/WebTicTacToe.js 3.02 KiB [built] [code generated]

ERROR in ./src/WebTicTacToe.js 2:0-28
Module not found: Error: Can't resolve './Board' in '/home/kavia/workspace/code-generation/webtictactoe-61604-b2d6fb0b/webtictactoe/src'
 @ ./src/App.js 3:0-42 9:32-44
 @ ./src/index.js 5:0-24 11:32-35

ERROR in ./src/WebTicTacToe.js 3:0-38
Module not found: Error: Can't resolve './GameStatus' in '/home/kavia/workspace/code-generation/webtictactoe-61604-b2d6fb0b/webtictactoe/src'
 @ ./src/App.js 3:0-42 9:32-44
 @ ./src/index.js 5:0-24 11:32-35

ERROR in ./src/WebTicTacToe.js 4:0-28
Module not found: Error: Can't resolve './WebTicTacToe.css' in '/home/kavia/workspace/code-generation/webtictactoe-61604-b2d6fb0b/webtictactoe/src'
 @ ./src/App.js 3:0-42 9:32-44
 @ ./src/index.js 5:0-24 11:32-35

3 errors have detailed information that is not shown.
Use 'stats.errorDetails: true' resp. '--stats-error-details' to show it.

webpack 5.99.9 compiled with 3 errors in 95 ms
assets by status 1.98 KiB [cached] 1 asset
assets by path *.js 1.4 MiB
  asset bundle.js 1.4 MiB [emitted] (name: main)
  asset main.42556f12185fbae17a95.hot-update.js 8.13 KiB [emitted] [immutable] [hmr] (name: main)
asset main.42556f12185fbae17a95.hot-update.json 28 bytes [emitted] [immutable] [hmr]
Entrypoint main 1.4 MiB = bundle.js 1.4 MiB main.42556f12185fbae17a95.hot-update.js 8.13 KiB
cached modules 1.26 MiB [cached] 42 modules
runtime modules 27.5 KiB 14 modules
javascript modules 4.08 KiB
  ./src/WebTicTacToe.js 3.02 KiB [code generated]
  ./src/Board.js 1.06 KiB [built] [code generated]

ERROR in ./src/Board.js 2:0-30
Module not found: Error: Can't resolve './Square' in '/home/kavia/workspace/code-generation/webtictactoe-61604-b2d6fb0b/webtictactoe/src'
 @ ./src/WebTicTacToe.js 2:0-28 52:28-33
 @ ./src/App.js 3:0-42 9:32-44
 @ ./src/index.js 5:0-24 11:32-35

ERROR in ./src/WebTicTacToe.js 3:0-38
Module not found: Error: Can't resolve './GameStatus' in '/home/kavia/workspace/code-generation/webtictactoe-61604-b2d6fb0b/webtictactoe/src'
 @ ./src/App.js 3:0-42 9:32-44
 @ ./src/index.js 5:0-24 11:32-35

ERROR in ./src/WebTicTacToe.js 4:0-28
Module not found: Error: Can't resolve './WebTicTacToe.css' in '/home/kavia/workspace/code-generation/webtictactoe-61604-b2d6fb0b/webtictactoe/src'
 @ ./src/App.js 3:0-42 9:32-44
 @ ./src/index.js 5:0-24 11:32-35

3 errors have detailed information that is not shown.
Use 'stats.errorDetails: true' resp. '--stats-error-details' to show it.

webpack 5.99.9 compiled with 3 errors in 47 ms
assets by status 1.98 KiB [cached] 1 asset
assets by path *.js 1.4 MiB
  asset bundle.js 1.4 MiB [emitted] (name: main)
  asset main.8c2dfeb8be13fc447435.hot-update.js 4.76 KiB [emitted] [immutable] [hmr] (name: main)
asset main.8c2dfeb8be13fc447435.hot-update.json 28 bytes [emitted] [immutable] [hmr]
Entrypoint main 1.4 MiB = bundle.js 1.4 MiB main.8c2dfeb8be13fc447435.hot-update.js 4.76 KiB
cached modules 1.27 MiB [cached] 43 modules
runtime modules 27.5 KiB 14 modules
javascript modules 1.88 KiB
  ./src/Board.js 1.06 KiB [code generated]
  ./src/Square.js 841 bytes [built] [code generated]

ERROR in ./src/WebTicTacToe.js 3:0-38
Module not found: Error: Can't resolve './GameStatus' in '/home/kavia/workspace/code-generation/webtictactoe-61604-b2d6fb0b/webtictactoe/src'
resolve './GameStatus' in '/home/kavia/workspace/code-generation/webtictactoe-61604-b2d6fb0b/webtictactoe/src'
  using description file: /home/kavia/workspace/code-generation/webtictactoe-61604-b2d6fb0b/webtictactoe/package.json (relative path: ./src)
    Field 'browser' doesn't contain a valid alias configuration
    using description file: /home/kavia/workspace/code-generation/webtictactoe-61604-b2d6fb0b/webtictactoe/package.json (relative path: ./src/GameStatus)
      no extension
        Field 'browser' doesn't contain a valid alias configuration
        /home/kavia/workspace/code-generation/webtictactoe-61604-b2d6fb0b/webtictactoe/src/GameStatus doesn't exist
      .js
        Field 'browser' doesn't contain a valid alias configuration
        /home/kavia/workspace/code-generation/webtictactoe-61604-b2d6fb0b/webtictactoe/src/GameStatus.js doesn't exist
      .jsx
        Field 'browser' doesn't contain a valid alias configuration
        /home/kavia/workspace/code-generation/webtictactoe-61604-b2d6fb0b/webtictactoe/src/GameStatus.jsx doesn't exist
      as directory
        /home/kavia/workspace/code-generation/webtictactoe-61604-b2d6fb0b/webtictactoe/src/GameStatus doesn't exist
 @ ./src/App.js 3:0-42 9:32-44
 @ ./src/index.js 5:0-24 11:32-35

ERROR in ./src/WebTicTacToe.js 4:0-28
Module not found: Error: Can't resolve './WebTicTacToe.css' in '/home/kavia/workspace/code-generation/webtictactoe-61604-b2d6fb0b/webtictactoe/src'
resolve './WebTicTacToe.css' in '/home/kavia/workspace/code-generation/webtictactoe-61604-b2d6fb0b/webtictactoe/src'
  using description file: /home/kavia/workspace/code-generation/webtictactoe-61604-b2d6fb0b/webtictactoe/package.json (relative path: ./src)
    Field 'browser' doesn't contain a valid alias configuration
    using description file: /home/kavia/workspace/code-generation/webtictactoe-61604-b2d6fb0b/webtictactoe/package.json (relative path: ./src/WebTicTacToe.css)
      no extension
        Field 'browser' doesn't contain a valid alias configuration
        /home/kavia/workspace/code-generation/webtictactoe-61604-b2d6fb0b/webtictactoe/src/WebTicTacToe.css doesn't exist
      .js
        Field 'browser' doesn't contain a valid alias configuration
        /home/kavia/workspace/code-generation/webtictactoe-61604-b2d6fb0b/webtictactoe/src/WebTicTacToe.css.js doesn't exist
      .jsx
        Field 'browser' doesn't contain a valid alias configuration
        /home/kavia/workspace/code-generation/webtictactoe-61604-b2d6fb0b/webtictactoe/src/WebTicTacToe.css.jsx doesn't exist
      as directory
        /home/kavia/workspace/code-generation/webtictactoe-61604-b2d6fb0b/webtictactoe/src/WebTicTacToe.css doesn't exist
 @ ./src/App.js 3:0-42 9:32-44
 @ ./src/index.js 5:0-24 11:32-35

webpack 5.99.9 compiled with 2 errors in 45 ms
assets by status 1.98 KiB [cached] 1 asset
assets by path *.js 1.41 MiB
  asset bundle.js 1.4 MiB [emitted] (name: main)
  asset main.4da0a95b0ce5aac33da9.hot-update.js 8.23 KiB [emitted] [immutable] [hmr] (name: main)
asset main.4da0a95b0ce5aac33da9.hot-update.json 28 bytes [emitted] [immutable] [hmr]
Entrypoint main 1.41 MiB = bundle.js 1.4 MiB main.4da0a95b0ce5aac33da9.hot-update.js 8.23 KiB
cached modules 1.26 MiB [cached] 44 modules
runtime modules 27.5 KiB 14 modules
javascript modules 4.3 KiB
  ./src/WebTicTacToe.js 3.02 KiB [code generated]
  ./src/GameStatus.js 1.28 KiB [built] [code generated]

ERROR in ./src/WebTicTacToe.js 4:0-28
Module not found: Error: Can't resolve './WebTicTacToe.css' in '/home/kavia/workspace/code-generation/webtictactoe-61604-b2d6fb0b/webtictactoe/src'
resolve './WebTicTacToe.css' in '/home/kavia/workspace/code-generation/webtictactoe-61604-b2d6fb0b/webtictactoe/src'
  using description file: /home/kavia/workspace/code-generation/webtictactoe-61604-b2d6fb0b/webtictactoe/package.json (relative path: ./src)
    Field 'browser' doesn't contain a valid alias configuration
    using description file: /home/kavia/workspace/code-generation/webtictactoe-61604-b2d6fb0b/webtictactoe/package.json (relative path: ./src/WebTicTacToe.css)
      no extension
        Field 'browser' doesn't contain a valid alias configuration
        /home/kavia/workspace/code-generation/webtictactoe-61604-b2d6fb0b/webtictactoe/src/WebTicTacToe.css doesn't exist
      .js
        Field 'browser' doesn't contain a valid alias configuration
        /home/kavia/workspace/code-generation/webtictactoe-61604-b2d6fb0b/webtictactoe/src/WebTicTacToe.css.js doesn't exist
      .jsx
        Field 'browser' doesn't contain a valid alias configuration
        /home/kavia/workspace/code-generation/webtictactoe-61604-b2d6fb0b/webtictactoe/src/WebTicTacToe.css.jsx doesn't exist
      as directory
        /home/kavia/workspace/code-generation/webtictactoe-61604-b2d6fb0b/webtictactoe/src/WebTicTacToe.css doesn't exist
 @ ./src/App.js 3:0-42 9:32-44
 @ ./src/index.js 5:0-24 11:32-35

webpack 5.99.9 compiled with 1 error in 45 ms
assets by status 1.98 KiB [cached] 1 asset
assets by path *.js 1.43 MiB
  asset bundle.js 1.41 MiB [emitted] (name: main)
  asset main.ccaeb97c38efc28cb1d1.hot-update.js 17.4 KiB [emitted] [immutable] [hmr] (name: main)
asset main.ccaeb97c38efc28cb1d1.hot-update.json 28 bytes [emitted] [immutable] [hmr]
Entrypoint main 1.43 MiB = bundle.js 1.41 MiB main.ccaeb97c38efc28cb1d1.hot-update.js 17.4 KiB
cached modules 1.27 MiB [cached] 45 modules
runtime modules 27.5 KiB 14 modules
javascript modules 7.7 KiB
  ./src/WebTicTacToe.js 3.02 KiB [code generated]
  ./src/WebTicTacToe.css 2.25 KiB [built] [code generated]
  ./node_modules/css-loader/dist/cjs.js!./src/WebTicTacToe.css 2.44 KiB [built] [code generated]
webpack 5.99.9 compiled successfully in 57 ms
